PASS 200 https://bituachnet.cma.gov.il/
PASS 200 https://gemelnet.cma.gov.il/
PASS 200 https://pensuni.com/?p=34700
PASS 200 https://pensuni.com/?p=7139
PASS 200 https://pensuni.com/?page_id=53
PASS 200 https://pensyanet.cma.gov.il/
PASS 200 https://www.btl.gov.il/Insurance/National%20Insurance/type_list/Self_Employed/Pages/howtoregister.aspx
PASS 200 https://www.btl.gov.il/Simulators/Pages/default.aspx
PASS 200 https://www.btl.gov.il/benefits/old_age/Pages/%D7%90%D7%95%D7%A4%D7%9F%20%D7%94%D7%92%D7%A9%D7%AA%20%D7%94%D7%AA%D7%91%D7%99%D7%A2%D7%94.aspx
PASS 200 https://www.gov.il/he/pages/sign-in-insured?chapterindex=3
RETRY 1/2 403 https://www.gov.il/he/service/itc-request-for-fixed-rights-at-retirement-age
PASS 200 https://www.gov.il/he/service/itc-request-for-fixed-rights-at-retirement-age
PASS 200 https://www.gov.il/he/service/management_fee_calculator
RETRY 1/2 403 https://www.gov.il/he/service/notice-of-retirement
PASS 200 https://www.gov.il/he/service/notice-of-retirement
PASS 200 https://www.gov.il/he/service/pension-deposit-report
PASS 200 https://www.gov.il/he/service/pension_savings_search
RETRY 1/2 403 https://www.gov.il/he/service/simulator-employee
PASS 200 https://www.gov.il/he/service/simulator-employee
PASS 200 https://www.investor.gov/introduction-investing/general-resources/news-alerts/alerts-bulletins/investor-bulletins/private
PASS 200 https://www.investor.gov/introduction-investing/investing-basics/investment-products/private-investment-funds/private-equity
PASS 200 https://www.swiftness.co.il/
19/19 external URLs verified by HTTP. WAF blocks/timeouts are not counted as passes.
(node:784) ExperimentalWarning: Type Stripping is an experimental feature and might change at any time
(Use `node --trace-warnings ...` to show where the warning was created)
